// Jest Snapshot v1, https://goo.gl/fbAQLP

exports[`<Button /> should render the medium button size by Default 1`] = `
.c0 {
  padding: 0.8rem;
  border-radius: 0.4rem;
  border: none;
  background: linear-gradient(180deg,#ff4f5f 0%,#f062c0 50%);
  color: #FAFAFA;
  cursor: pointer;
  height: 4rem;
  font-size: 1.4rem;
  padding: 0.8rem 3.2rem;
}

.c0:hover {
  background: linear-gradient(180deg,#e35565 0%,#d958a6 50%);
}

<button
  class="c0"
>
  <span>
    Buy Now
  </span>
</button>
`;
