// Jest Snapshot v1, https://goo.gl/fbAQLP

exports[`<Banner /> should render correctly 1`] = `
.c5 {
  display: inline-flex;
  align-items: center;
  justify-content: center;
  padding: 0.8rem;
  border-radius: 0.4rem;
  border: none;
  background: linear-gradient(180deg,#ff4f5f 0%,#f062c0 50%);
  color: #FAFAFA;
  text-decoration: none;
  cursor: pointer;
  height: 5rem;
  font-size: 1.6rem;
  padding: 0.8rem 4.8rem;
}

.c5:hover {
  background: linear-gradient(180deg,#e35565 0%,#d958a6 50%);
}

.c0 {
  position: relative;
}

.c1 {
  width: 100%;
  height: 23rem;
  background-color: #EAEAEA;
  background-image: url(https://images.unsplash.com/photo-1550745165-9bc0b252726f?q=80&w=1470&auto=format&fit=crop&ixlib=rb-4.0.3&ixid=M3wxMjA3fDB8MHxwaG90by1wYWdlfHx8fGVufDB8fHx8fA%3D%3D);
  background-position: center center;
  background-size: cover;
}

.c2 {
  width: 100%;
  background-color: rgba(0,0,0,0.7);
  padding: 2.4rem;
}

.c3 {
  font-size: 1.8rem;
  font-weight: 600;
  color: #FAFAFA;
}

.c4 {
  font-size: 1.4rem;
  font-weight: 300;
  color: #FAFAFA;
  margin-bottom: 3.2rem;
}

.c4 strong {
  font-weight: 600;
  color: #F231A5;
}

@media (max-width:768px) {

}

@media (min-width:768px) {
  .c0 {
    box-shadow: 0 0.4rem 0.5rem 0 rgba(0,0,0,0.2);
  }
}

@media (min-width:768px) {
  .c1 {
    height: 58rem;
  }
}

@media (min-width:768px) {
  .c2 {
    border-radius: 0 0 0.4rem 0.4rem;
    padding: 4.0rem;
    position: absolute;
    bottom: 0;
    left: 0;
  }
}

@media (min-width:768px) {
  .c3 {
    font-size: 2.8rem;
  }
}

@media (min-width:768px) {
  .c4 {
    font-size: 2.0rem;
  }
}

<main
  class="c0"
>
  <div
    aria-label="Banner Default"
    class="c1"
    role="img"
    src="https://images.unsplash.com/photo-1550745165-9bc0b252726f?q=80&w=1470&auto=format&fit=crop&ixlib=rb-4.0.3&ixid=M3wxMjA3fDB8MHxwaG90by1wYWdlfHx8fGVufDB8fHx8fA%3D%3D"
  />
  <div
    class="c2"
  >
    <h2
      class="c3"
    >
      Banner Default
    </h2>
    <h3
      class="c4"
    >
      <p>
        Play the new 
        <strong>
          Game
        </strong>
         season
      </p>
    </h3>
    <a
      class="c5"
      href="/games/default"
    >
      <span>
        Buy now
      </span>
    </a>
  </div>
</main>
`;
