// Jest Snapshot v1, https://goo.gl/fbAQLP

exports[`<Main /> should render the heading 1`] = `
.c0 {
  width: 100%;
  height: 100%;
  padding: 3rem;
  display: flex;
  flex-direction: column;
  text-align: center;
  align-items: center;
  justify-content: center;
  color: #fff;
  background-color: #06092b;
}

.c1 {
  width: 25rem;
  margin-bottom: 2rem;
}

.c2 {
  font-size: 2.5rem;
}

.c3 {
  font-size: 2rem;
  font-weight: 400;
}

.c4 {
  margin-top: 3rem;
  width: min(30rem,100%);
}

<main
  class="c0"
>
  <img
    alt="Imagem de um átomo e React Avançado escrito ao lado"
    class="c1"
    src="/img/logo.svg"
  />
  <h1
    class="c2"
  >
    React Avançado
  </h1>
  <h2
    class="c3"
  >
    TypesCript, ReactJS, Next.Js, Styled Components
  </h2>
  <img
    alt="Um desenvolvedor com telas ao lado"
    class="c4"
    src="/img/hero-illustration.svg"
  />
</main>
`;
