// Jest Snapshot v1, https://goo.gl/fbAQLP

exports[`<Logo /> should render the heading 1`] = `
<main
  class=""
>
  <img
    alt="Logo with a joystick writen Gamehub on the right"
    data-nimg="1"
    decoding="async"
    src=""
    style="color: transparent;"
  />
</main>
`;
